[{"name":"Ivy","age":null,"ice_cream_lover":true},{"name":"Tanzil","age":25.0,"ice_cream_lover":false},{"name":"Danny","age":21.0,"ice_cream_lover":true}]