[
 {
  "field1":"Ivy",
  "field2":22,
  "field3":true,
  "field4":null
 }
]