[
 {
  "name":"Ivy  T.",
  "age":22,
  "field3":null,
  "height":5.2
 },
 {
  "name":"Tanzil",
  "age":25,
  "field3":false,
  "height":5.9
 },
 {
  "name":"Danny  Yu",
  "age":21,
  "field3":true,
  "height":5.11
 },
 {
  "name":"Abdullah  Amjad",
  "age":23,
  "field3":true,
  "height":5.1
 },
 {
  "name":"Jocelyn",
  "age":22,
  "field3":true,
  "height":5.2
 },
 {
  "name":"Christ",
  "age":23,
  "field3":false,
  "height":5.1
 }
]