[{"field1":"Ivy","field2":22,"field3":true},{"field1":null,"field2":25,"field3":false},{"field1":"Danny","field2":21,"field3":true}]