[
 {
  "name":"Ivy  T.",
  "field2":null,
  "ice  cream  lover":true,
  "height":5.2
 },
 {
  "name":"Tanzil",
  "field2":25.0,
  "ice  cream  lover":false,
  "height":5.9
 },
 {
  "name":"Danny  Yu",
  "field2":null,
  "ice  cream  lover":true,
  "height":5.11
 },
 {
  "name":"Abdullah  Amjad",
  "field2":23.0,
  "ice  cream  lover":true,
  "height":5.1
 },
 {
  "name":"Jocelyn",
  "field2":22.0,
  "ice  cream  lover":true,
  "height":5.2
 },
 {
  "name":"Christ",
  "field2":23.0,
  "ice  cream  lover":false,
  "height":5.1
 }
]