[
 {
  "field1":null,
  "field2":22,
  "field3":true,
  "field4":5.2
 }
]