[{"name":"ivy"," age":" 22"," some_bool":" true"},{"name":"tanzil"," age":" 25"," some_bool":" false"},{"name":"abdullah"," age":" null"," some_bool":" true"}]