[
 {
  "name":"Ivy T.",
  "age":22.0,
  "ice cream lover":true,
  "field4":" 5.2,"
 },
 {
  "name":"Tanzil",
  "age":25.0,
  "ice cream lover":false,
  "field4":"5.9"
 },
 {
  "name":"Danny Yu",
  "age":21.0,
  "ice cream lover":true,
  "field4":"5.11"
 },
 {
  "name":"Abdullah Amjad",
  "age":23.0,
  "ice cream lover":true,
  "field4":"5.10"
 },
 {
  "name":"Christ",
  "age":null,
  "ice cream lover":null,
  "field4":null
 },
 {
  "name":"Christ",
  "age":23.0,
  "ice cream lover":false,
  "field4":"5.10"
 },
 {
  "name":"Monica",
  "age":50.0,
  "ice cream lover":true,
  "field4":"5.41"
 }
]